> Task :app:preBuild UP-TO-DATE
> Task :app:preDebugBuild UP-TO-DATE
> Task :app:mergeDebugNativeDebugMetadata NO-SOURCE
> Task :app:checkKotlinGradlePluginConfigurationErrors SKIPPED
> Task :app:dataBindingMergeDependencyArtifactsDebug UP-TO-DATE
> Task :app:generateDebugResValues UP-TO-DATE
> Task :app:generateDebugResources UP-TO-DATE
> Task :app:injectCrashlyticsMappingFileIdDebug UP-TO-DATE
> Task :app:processDebugGoogleServices UP-TO-DATE
> Task :app:mergeDebugResources UP-TO-DATE
> Task :app:packageDebugResources UP-TO-DATE
> Task :app:parseDebugLocalResources UP-TO-DATE
> Task :app:dataBindingGenBaseClassesDebug UP-TO-DATE
> Task :app:dataBindingTriggerDebug UP-TO-DATE
> Task :app:generateDebugBuildConfig UP-TO-DATE
> Task :app:generateSafeArgsDebug UP-TO-DATE
> Task :app:checkDebugAarMetadata UP-TO-DATE
> Task :app:mapDebugSourceSetPaths UP-TO-DATE
> Task :app:createDebugCompatibleScreenManifests UP-TO-DATE
> Task :app:extractDeepLinksDebug UP-TO-DATE
> Task :app:processDebugMainManifest UP-TO-DATE
> Task :app:processDebugManifest UP-TO-DATE
> Task :app:processDebugManifestForPackage UP-TO-DATE
> Task :app:processDebugResources UP-TO-DATE
> Task :app:javaPreCompileDebug UP-TO-DATE
> Task :app:mergeDebugShaders UP-TO-DATE
> Task :app:compileDebugShaders NO-SOURCE
> Task :app:generateDebugAssets UP-TO-DATE
> Task :app:mergeDebugAssets UP-TO-DATE
> Task :app:compressDebugAssets UP-TO-DATE
> Task :app:desugarDebugFileDependencies UP-TO-DATE
> Task :app:checkDebugDuplicateClasses UP-TO-DATE
> Task :app:mergeExtDexDebug UP-TO-DATE
> Task :app:mergeLibDexDebug UP-TO-DATE
> Task :app:mergeDebugJniLibFolders UP-TO-DATE
> Task :app:mergeDebugNativeLibs UP-TO-DATE
> Task :app:stripDebugDebugSymbols UP-TO-DATE
> Task :app:validateSigningDebug UP-TO-DATE
> Task :app:writeDebugAppMetadata UP-TO-DATE
> Task :app:writeDebugSigningConfigVersions UP-TO-DATE

> Task :app:kspDebugKotlin
w: [ksp] C:/Users/visha/AndroidStudioProjects/KrishiVishal/app/src/main/java/com/company/krishivishal/data/local/ProductDao.kt:52: The query returns some columns [userId, productId] which are not used by com.company.krishivishal.`data`.model.Product. You can use @ColumnInfo annotation on the properties to specify the mapping. You can annotate the function with @RewriteQueriesToDropUnusedColumns to direct Room to rewrite your query to avoid fetching unused columns.  You can suppress this warning by annotating the function with @SuppressWarnings(RoomWarnings.QUERY_MISMATCH). Columns returned by the query: id, name, brand, description, composition, category, classification, subCategory, imageUrl, basePrice, discountedPrice, discountPercent, savedPrice, rating, reviewsCount, deliveryLocation, deliveryDate, mfgDate, expiryDate, stockQuantity, isActive, features, mrp, unit, weight, id, userId, productId.

> Task :app:compileDebugKotlin
w: file:///C:/Users/visha/AndroidStudioProjects/KrishiVishal/app/src/main/java/com/company/krishivishal/data/repository/ProductRepository.kt:66:49 Unchecked cast of 'kotlin.Any?' to 'kotlin.collections.List<kotlin.collections.Map<kotlin.String, kotlin.Any>>'.
w: file:///C:/Users/visha/AndroidStudioProjects/KrishiVishal/app/src/main/java/com/company/krishivishal/data/repository/ProductRepository.kt:88:47 Unchecked cast of 'kotlin.Any?' to 'kotlin.collections.List<kotlin.collections.Map<kotlin.String, kotlin.Any>>'.
w: file:///C:/Users/visha/AndroidStudioProjects/KrishiVishal/app/src/main/java/com/company/krishivishal/data/repository/ProductRepository.kt:104:49 Unchecked cast of 'kotlin.Any?' to 'kotlin.collections.Map<kotlin.String, kotlin.Any?>'.
w: file:///C:/Users/visha/AndroidStudioProjects/KrishiVishal/app/src/main/java/com/company/krishivishal/data/repository/ProductRepository.kt:105:49 Unchecked cast of 'kotlin.Any?' to 'kotlin.collections.Map<kotlin.String, kotlin.Any?>'.
w: file:///C:/Users/visha/AndroidStudioProjects/KrishiVishal/app/src/main/java/com/company/krishivishal/data/repository/ProductRepository.kt:106:59 Unchecked cast of 'kotlin.Any?' to 'kotlin.collections.Map<kotlin.String, kotlin.Any?>'.
w: file:///C:/Users/visha/AndroidStudioProjects/KrishiVishal/app/src/main/java/com/company/krishivishal/di/DatabaseModule.kt:25:11 'fun fallbackToDestructiveMigration(): RoomDatabase.Builder<AppDatabase>' is deprecated. Replace by overloaded version with parameter to indicate if all tables should be dropped or not.
w: file:///C:/Users/visha/AndroidStudioProjects/KrishiVishal/app/src/main/java/com/company/krishivishal/performance/ImageCacheManager.kt:94:36 This declaration needs opt-in. Its usage should be marked with '@coil.annotation.ExperimentalCoilApi' or '@OptIn(coil.annotation.ExperimentalCoilApi::class)'
w: file:///C:/Users/visha/AndroidStudioProjects/KrishiVishal/app/src/main/java/com/company/krishivishal/performance/ImageCacheManager.kt:121:44 This declaration needs opt-in. Its usage should be marked with '@coil.annotation.ExperimentalCoilApi' or '@OptIn(coil.annotation.ExperimentalCoilApi::class)'
w: file:///C:/Users/visha/AndroidStudioProjects/KrishiVishal/app/src/main/java/com/company/krishivishal/performance/ImageCacheManager.kt:122:47 This declaration needs opt-in. Its usage should be marked with '@coil.annotation.ExperimentalCoilApi' or '@OptIn(coil.annotation.ExperimentalCoilApi::class)'
w: file:///C:/Users/visha/AndroidStudioProjects/KrishiVishal/app/src/main/java/com/company/krishivishal/ui/address/AddressScreen.kt:55:44 'val Icons.Filled.ArrowBack: ImageVector' is deprecated. Use the AutoMirrored version at Icons.AutoMirrored.Filled.ArrowBack.
w: file:///C:/Users/visha/AndroidStudioProjects/KrishiVishal/app/src/main/java/com/company/krishivishal/ui/address/AddressScreen.kt:182:13 'fun Divider(modifier: Modifier = ..., thickness: Dp = ..., color: Color = ...): Unit' is deprecated. Renamed to HorizontalDivider.
w: file:///C:/Users/visha/AndroidStudioProjects/KrishiVishal/app/src/main/java/com/company/krishivishal/ui/admin/AdminBrandScreen.kt:58:44 'val Icons.Filled.ArrowBack: ImageVector' is deprecated. Use the AutoMirrored version at Icons.AutoMirrored.Filled.ArrowBack.
w: file:///C:/Users/visha/AndroidStudioProjects/KrishiVishal/app/src/main/java/com/company/krishivishal/ui/admin/AdminCategoryScreen.kt:60:44 'val Icons.Filled.ArrowBack: ImageVector' is deprecated. Use the AutoMirrored version at Icons.AutoMirrored.Filled.ArrowBack.
w: file:///C:/Users/visha/AndroidStudioProjects/KrishiVishal/app/src/main/java/com/company/krishivishal/ui/admin/AdminOrderScreen.kt:38:44 'val Icons.Filled.ArrowBack: ImageVector' is deprecated. Use the AutoMirrored version at Icons.AutoMirrored.Filled.ArrowBack.
w: file:///C:/Users/visha/AndroidStudioProjects/KrishiVishal/app/src/main/java/com/company/krishivishal/ui/admin/AdminPanelScreen.kt:38:44 'val Icons.Filled.ArrowBack: ImageVector' is deprecated. Use the AutoMirrored version at Icons.AutoMirrored.Filled.ArrowBack.
w: file:///C:/Users/visha/AndroidStudioProjects/KrishiVishal/app/src/main/java/com/company/krishivishal/ui/admin/AdminPanelScreen.kt:65:38 'val Icons.Filled.BrandingWatermark: ImageVector' is deprecated. Use the AutoMirrored version at Icons.AutoMirrored.Filled.BrandingWatermark.
w: file:///C:/Users/visha/AndroidStudioProjects/KrishiVishal/app/src/main/java/com/company/krishivishal/ui/admin/AdminProductScreen.kt:88:44 'val Icons.Filled.ArrowBack: ImageVector' is deprecated. Use the AutoMirrored version at Icons.AutoMirrored.Filled.ArrowBack.
w: file:///C:/Users/visha/AndroidStudioProjects/KrishiVishal/app/src/main/java/com/company/krishivishal/ui/admin/AdminProductScreen.kt:257:52 'fun Modifier.menuAnchor(): Modifier' is deprecated. Use overload that takes MenuAnchorType and enabled parameters.
w: file:///C:/Users/visha/AndroidStudioProjects/KrishiVishal/app/src/main/java/com/company/krishivishal/ui/admin/AdminProductScreen.kt:287:52 'fun Modifier.menuAnchor(): Modifier' is deprecated. Use overload that takes MenuAnchorType and enabled parameters.
w: file:///C:/Users/visha/AndroidStudioProjects/KrishiVishal/app/src/main/java/com/company/krishivishal/ui/admin/AdminSettingsScreen.kt:61:44 'val Icons.Filled.ArrowBack: ImageVector' is deprecated. Use the AutoMirrored version at Icons.AutoMirrored.Filled.ArrowBack.
w: file:///C:/Users/visha/AndroidStudioProjects/KrishiVishal/app/src/main/java/com/company/krishivishal/ui/auth/LoginScreen.kt:71:44 'val Icons.Filled.ArrowBack: ImageVector' is deprecated. Use the AutoMirrored version at Icons.AutoMirrored.Filled.ArrowBack.
w: file:///C:/Users/visha/AndroidStudioProjects/KrishiVishal/app/src/main/java/com/company/krishivishal/ui/cart/CartScreen.kt:44:44 'val Icons.Filled.ArrowBack: ImageVector' is deprecated. Use the AutoMirrored version at Icons.AutoMirrored.Filled.ArrowBack.
w: file:///C:/Users/visha/AndroidStudioProjects/KrishiVishal/app/src/main/java/com/company/krishivishal/ui/category/SubCategoryScreen.kt:43:40 'val Icons.Filled.ArrowBack: ImageVector' is deprecated. Use the AutoMirrored version at Icons.AutoMirrored.Filled.ArrowBack.
w: file:///C:/Users/visha/AndroidStudioProjects/KrishiVishal/app/src/main/java/com/company/krishivishal/ui/checkout/CheckoutScreen.kt:49:44 'val Icons.Filled.ArrowBack: ImageVector' is deprecated. Use the AutoMirrored version at Icons.AutoMirrored.Filled.ArrowBack.
w: file:///C:/Users/visha/AndroidStudioProjects/KrishiVishal/app/src/main/java/com/company/krishivishal/ui/order/OrderScreen.kt:77:44 'val Icons.Filled.ArrowBack: ImageVector' is deprecated. Use the AutoMirrored version at Icons.AutoMirrored.Filled.ArrowBack.
w: file:///C:/Users/visha/AndroidStudioProjects/KrishiVishal/app/src/main/java/com/company/krishivishal/ui/order/OrderScreen.kt:187:13 'fun Divider(modifier: Modifier = ..., thickness: Dp = ..., color: Color = ...): Unit' is deprecated. Renamed to HorizontalDivider.
w: file:///C:/Users/visha/AndroidStudioProjects/KrishiVishal/app/src/main/java/com/company/krishivishal/ui/order/OrderScreen.kt:223:21 'fun Divider(modifier: Modifier = ..., thickness: Dp = ..., color: Color = ...): Unit' is deprecated. Renamed to HorizontalDivider.
w: file:///C:/Users/visha/AndroidStudioProjects/KrishiVishal/app/src/main/java/com/company/krishivishal/ui/order/OrderScreen.kt:228:21 'fun Divider(modifier: Modifier = ..., thickness: Dp = ..., color: Color = ...): Unit' is deprecated. Renamed to HorizontalDivider.
w: file:///C:/Users/visha/AndroidStudioProjects/KrishiVishal/app/src/main/java/com/company/krishivishal/ui/product/BrandProductScreen.kt:52:44 'val Icons.Filled.ArrowBack: ImageVector' is deprecated. Use the AutoMirrored version at Icons.AutoMirrored.Filled.ArrowBack.
w: file:///C:/Users/visha/AndroidStudioProjects/KrishiVishal/app/src/main/java/com/company/krishivishal/ui/product/ProductDetailScreen.kt:75:44 'val Icons.Filled.ArrowBack: ImageVector' is deprecated. Use the AutoMirrored version at Icons.AutoMirrored.Filled.ArrowBack.
w: file:///C:/Users/visha/AndroidStudioProjects/KrishiVishal/app/src/main/java/com/company/krishivishal/ui/product/ProductDetailScreen.kt:455:32 'fun Indicator(modifier: Modifier = ..., height: Dp = ..., color: Color = ...): Unit' is deprecated. Use SecondaryIndicator instead.
w: file:///C:/Users/visha/AndroidStudioProjects/KrishiVishal/app/src/main/java/com/company/krishivishal/ui/profile/ProfileScreen.kt:101:21 'fun Divider(modifier: Modifier = ..., thickness: Dp = ..., color: Color = ...): Unit' is deprecated. Renamed to HorizontalDivider.
w: file:///C:/Users/visha/AndroidStudioProjects/KrishiVishal/app/src/main/java/com/company/krishivishal/ui/profile/ProfileScreen.kt:103:21 'fun Divider(modifier: Modifier = ..., thickness: Dp = ..., color: Color = ...): Unit' is deprecated. Renamed to HorizontalDivider.
w: file:///C:/Users/visha/AndroidStudioProjects/KrishiVishal/app/src/main/java/com/company/krishivishal/ui/profile/ProfileScreen.kt:121:21 'fun Divider(modifier: Modifier = ..., thickness: Dp = ..., color: Color = ...): Unit' is deprecated. Renamed to HorizontalDivider.
w: file:///C:/Users/visha/AndroidStudioProjects/KrishiVishal/app/src/main/java/com/company/krishivishal/ui/profile/ProfileScreen.kt:124:25 'fun Divider(modifier: Modifier = ..., thickness: Dp = ..., color: Color = ...): Unit' is deprecated. Renamed to HorizontalDivider.
w: file:///C:/Users/visha/AndroidStudioProjects/KrishiVishal/app/src/main/java/com/company/krishivishal/ui/profile/ProfileScreen.kt:141:21 'fun Divider(modifier: Modifier = ..., thickness: Dp = ..., color: Color = ...): Unit' is deprecated. Renamed to HorizontalDivider.
w: file:///C:/Users/visha/AndroidStudioProjects/KrishiVishal/app/src/main/java/com/company/krishivishal/ui/profile/ProfileScreen.kt:156:40 'val Icons.Filled.Logout: ImageVector' is deprecated. Use the AutoMirrored version at Icons.AutoMirrored.Filled.Logout.
w: file:///C:/Users/visha/AndroidStudioProjects/KrishiVishal/app/src/main/java/com/company/krishivishal/ui/support/SupportScreen.kt:45:44 'val Icons.Filled.ArrowBack: ImageVector' is deprecated. Use the AutoMirrored version at Icons.AutoMirrored.Filled.ArrowBack.
w: file:///C:/Users/visha/AndroidStudioProjects/KrishiVishal/app/src/main/java/com/company/krishivishal/ui/support/SupportScreen.kt:79:46 'val Icons.Filled.Chat: ImageVector' is deprecated. Use the AutoMirrored version at Icons.AutoMirrored.Filled.Chat.
w: file:///C:/Users/visha/AndroidStudioProjects/KrishiVishal/app/src/main/java/com/company/krishivishal/ui/theme/Theme.kt:53:20 'var statusBarColor: Int' is deprecated. Deprecated in Java.
w: file:///C:/Users/visha/AndroidStudioProjects/KrishiVishal/app/src/main/java/com/company/krishivishal/ui/wishlist/WishlistScreen.kt:41:44 'val Icons.Filled.ArrowBack: ImageVector' is deprecated. Use the AutoMirrored version at Icons.AutoMirrored.Filled.ArrowBack.
w: file:///C:/Users/visha/AndroidStudioProjects/KrishiVishal/app/src/main/java/com/company/krishivishal/utils/LocaleManager.kt:17:22 'constructor(p0: String!): Locale' is deprecated. Deprecated in Java.

> Task :app:compileDebugJavaWithJavac
warning: The following options were not recognized by any processor: '[dagger.hilt.internal.useAggregatingRootProcessor, dagger.fastInit, dagger.hilt.android.internal.disableAndroidSuperclassValidation, dagger.hilt.android.internal.projectType]'
1 warning

> Task :app:hiltAggregateDepsDebug
> Task :app:hiltJavaCompileDebug
> Task :app:processDebugJavaRes
> Task :app:transformDebugClassesWithAsm
> Task :app:mergeDebugJavaResource
> Task :app:dexBuilderDebug
> Task :app:mergeDebugGlobalSynthetics
> Task :app:mergeProjectDexDebug
> Task :app:packageDebug
> Task :app:createDebugApkListingFileRedirect
> Task :app:assembleDebug

[Incubating] Problems report is available at: file:///C:/Users/visha/AndroidStudioProjects/KrishiVishal/build/reports/problems/problems-report.html

Deprecated Gradle features were used in this build, making it incompatible with Gradle 10.

You can use '--warning-mode all' to show the individual deprecation warnings and determine if they come from your own scripts or plugins.

For more on this, please refer to https://docs.gradle.org/9.4.1/userguide/command_line_interface.html#sec:command_line_warnings in the Gradle documentation.

BUILD SUCCESSFUL in 3m 10s
47 actionable tasks: 13 executed, 34 up-to-date
Consider enabling configuration cache to speed up this build: https://docs.gradle.org/9.4.1/userguide/configuration_cache_enabling.html
