> Task :app:preBuild UP-TO-DATE
> Task :app:preDebugBuild UP-TO-DATE
> Task :app:mergeDebugNativeDebugMetadata NO-SOURCE
> Task :app:checkKotlinGradlePluginConfigurationErrors SKIPPED
> Task :app:dataBindingMergeDependencyArtifactsDebug UP-TO-DATE
> Task :app:generateDebugResValues UP-TO-DATE
> Task :app:generateDebugResources UP-TO-DATE
> Task :app:injectCrashlyticsMappingFileIdDebug UP-TO-DATE
> Task :app:processDebugGoogleServices UP-TO-DATE
> Task :app:mergeDebugResources UP-TO-DATE
> Task :app:packageDebugResources UP-TO-DATE
> Task :app:parseDebugLocalResources UP-TO-DATE
> Task :app:dataBindingGenBaseClassesDebug UP-TO-DATE
> Task :app:dataBindingTriggerDebug UP-TO-DATE
> Task :app:generateDebugBuildConfig UP-TO-DATE
> Task :app:generateSafeArgsDebug UP-TO-DATE
> Task :app:checkDebugAarMetadata UP-TO-DATE
> Task :app:mapDebugSourceSetPaths UP-TO-DATE
> Task :app:createDebugCompatibleScreenManifests UP-TO-DATE
> Task :app:extractDeepLinksDebug UP-TO-DATE
> Task :app:processDebugMainManifest UP-TO-DATE
> Task :app:processDebugManifest UP-TO-DATE
> Task :app:processDebugManifestForPackage UP-TO-DATE
> Task :app:processDebugResources UP-TO-DATE
> Task :app:kspDebugKotlin UP-TO-DATE
> Task :app:javaPreCompileDebug UP-TO-DATE
> Task :app:mergeDebugShaders UP-TO-DATE
> Task :app:compileDebugShaders NO-SOURCE
> Task :app:generateDebugAssets UP-TO-DATE
> Task :app:mergeDebugAssets UP-TO-DATE
> Task :app:compressDebugAssets UP-TO-DATE
> Task :app:desugarDebugFileDependencies UP-TO-DATE
> Task :app:checkDebugDuplicateClasses UP-TO-DATE
> Task :app:mergeExtDexDebug UP-TO-DATE
> Task :app:mergeLibDexDebug UP-TO-DATE
> Task :app:mergeDebugJniLibFolders UP-TO-DATE
> Task :app:mergeDebugNativeLibs UP-TO-DATE
> Task :app:stripDebugDebugSymbols UP-TO-DATE
> Task :app:validateSigningDebug UP-TO-DATE
> Task :app:writeDebugAppMetadata UP-TO-DATE
> Task :app:writeDebugSigningConfigVersions UP-TO-DATE

> Task :app:compileDebugKotlin FAILED
e: file:///C:/Users/visha/AndroidStudioProjects/KrishiVishal/app/src/main/java/com/company/krishivishal/performance/ImageCacheManager.kt:119:35 Argument type mismatch: actual type is 'it(kotlin.Number & kotlin.Comparable<CapturedType(*)>)', but 'kotlin.Long' was expected.
e: file:///C:/Users/visha/AndroidStudioProjects/KrishiVishal/app/src/main/java/com/company/krishivishal/performance/ImageCacheManager.kt:120:38 Argument type mismatch: actual type is 'it(kotlin.Number & kotlin.Comparable<CapturedType(*)>)', but 'kotlin.Long' was expected.
e: file:///C:/Users/visha/AndroidStudioProjects/KrishiVishal/app/src/main/java/com/company/krishivishal/ui/cart/CartWithAnalyticsViewModel.kt:66:91 Unresolved reference 'price'.
e: file:///C:/Users/visha/AndroidStudioProjects/KrishiVishal/app/src/main/java/com/company/krishivishal/ui/cart/CartWithAnalyticsViewModel.kt:109:38 Unresolved reference 'price'.
e: file:///C:/Users/visha/AndroidStudioProjects/KrishiVishal/app/src/main/java/com/company/krishivishal/ui/cart/CartWithAnalyticsViewModel.kt:153:38 Unresolved reference 'price'.
e: file:///C:/Users/visha/AndroidStudioProjects/KrishiVishal/app/src/main/java/com/company/krishivishal/ui/checkout/CheckoutScreen.kt:268:77 Cannot infer type for this parameter. Please specify it explicitly.
e: file:///C:/Users/visha/AndroidStudioProjects/KrishiVishal/app/src/main/java/com/company/krishivishal/ui/checkout/CheckoutScreen.kt:269:33 Overload resolution ambiguity between candidates:
data class CartWithProduct : Any
data class CartWithProduct : Any
e: file:///C:/Users/visha/AndroidStudioProjects/KrishiVishal/app/src/main/java/com/company/krishivishal/ui/checkout/CheckoutScreen.kt:270:21 @Composable invocations can only happen from the context of a @Composable function
e: file:///C:/Users/visha/AndroidStudioProjects/KrishiVishal/app/src/main/java/com/company/krishivishal/ui/checkout/CheckoutScreen.kt:271:21 @Composable invocations can only happen from the context of a @Composable function
e: file:///C:/Users/visha/AndroidStudioProjects/KrishiVishal/app/src/main/java/com/company/krishivishal/ui/checkout/CheckoutViewModel.kt:23:61 Overload resolution ambiguity between candidates:
data class CartWithProduct : Any
data class CartWithProduct : Any
e: file:///C:/Users/visha/AndroidStudioProjects/KrishiVishal/app/src/main/java/com/company/krishivishal/ui/checkout/CheckoutViewModel.kt:149:30 None of the following candidates is applicable:
fun <T> Iterable<T>.sumOf(selector: (T) -> BigDecimal): BigDecimal
fun <T> Iterable<T>.sumOf(selector: (T) -> BigInteger): BigInteger
fun <T> Iterable<T>.sumOf(selector: (T) -> Double): Double
fun <T> Iterable<T>.sumOf(selector: (T) -> Int): Int
fun <T> Iterable<T>.sumOf(selector: (T) -> Long): Long
fun <T> Iterable<T>.sumOf(selector: (T) -> UInt): UInt
fun <T> Iterable<T>.sumOf(selector: (T) -> ULong): ULong
e: file:///C:/Users/visha/AndroidStudioProjects/KrishiVishal/app/src/main/java/com/company/krishivishal/ui/checkout/CheckoutViewModel.kt:149:38 Cannot infer type for this parameter. Please specify it explicitly.
e: file:///C:/Users/visha/AndroidStudioProjects/KrishiVishal/app/src/main/java/com/company/krishivishal/ui/checkout/CheckoutViewModel.kt:150:30 Unresolved reference 'variant'.
e: file:///C:/Users/visha/AndroidStudioProjects/KrishiVishal/app/src/main/java/com/company/krishivishal/ui/checkout/CheckoutViewModel.kt:150:57 Unresolved reference 'product'.
e: file:///C:/Users/visha/AndroidStudioProjects/KrishiVishal/app/src/main/java/com/company/krishivishal/ui/checkout/CheckoutViewModel.kt:150:81 Unresolved reference 'product'.
e: file:///C:/Users/visha/AndroidStudioProjects/KrishiVishal/app/src/main/java/com/company/krishivishal/ui/checkout/CheckoutViewModel.kt:150:105 Unresolved reference 'product'.
e: file:///C:/Users/visha/AndroidStudioProjects/KrishiVishal/app/src/main/java/com/company/krishivishal/ui/checkout/CheckoutViewModel.kt:151:18 Unresolved reference 'cartItem'.
e: file:///C:/Users/visha/AndroidStudioProjects/KrishiVishal/app/src/main/java/com/company/krishivishal/ui/checkout/CheckoutViewModel.kt:153:40 'operator' modifier is required on 'FirNamedFunctionSymbol kotlin/compareTo' in 'compareTo'.
e: file:///C:/Users/visha/AndroidStudioProjects/KrishiVishal/app/src/main/java/com/company/krishivishal/ui/checkout/CheckoutViewModel.kt:154:28 None of the following candidates is applicable:
fun BigDecimal.times(other: BigDecimal): BigDecimal
fun BigInteger.times(other: BigInteger): BigInteger
e: file:///C:/Users/visha/AndroidStudioProjects/KrishiVishal/app/src/main/java/com/company/krishivishal/ui/checkout/CheckoutViewModel.kt:156:32 Cannot infer type for this parameter. Please specify it explicitly.
e: file:///C:/Users/visha/AndroidStudioProjects/KrishiVishal/app/src/main/java/com/company/krishivishal/ui/checkout/CheckoutViewModel.kt:156:32 Unresolved reference. None of the following candidates is applicable because of a receiver type mismatch:
fun <T, R> Flow<T>.map(crossinline transform: suspend (@ParameterName(...) T) -> R): Flow<R>
e: file:///C:/Users/visha/AndroidStudioProjects/KrishiVishal/app/src/main/java/com/company/krishivishal/ui/checkout/CheckoutViewModel.kt:156:38 Cannot infer type for this parameter. Please specify it explicitly.
e: file:///C:/Users/visha/AndroidStudioProjects/KrishiVishal/app/src/main/java/com/company/krishivishal/ui/checkout/CheckoutViewModel.kt:158:34 Unresolved reference 'product'.
e: file:///C:/Users/visha/AndroidStudioProjects/KrishiVishal/app/src/main/java/com/company/krishivishal/ui/checkout/CheckoutViewModel.kt:159:36 Unresolved reference 'product'.
e: file:///C:/Users/visha/AndroidStudioProjects/KrishiVishal/app/src/main/java/com/company/krishivishal/ui/checkout/CheckoutViewModel.kt:160:33 Unresolved reference 'cartItem'.
e: file:///C:/Users/visha/AndroidStudioProjects/KrishiVishal/app/src/main/java/com/company/krishivishal/ui/checkout/CheckoutViewModel.kt:161:30 Unresolved reference 'variant'.
e: file:///C:/Users/visha/AndroidStudioProjects/KrishiVishal/app/src/main/java/com/company/krishivishal/ui/checkout/CheckoutViewModel.kt:161:57 Unresolved reference 'product'.
e: file:///C:/Users/visha/AndroidStudioProjects/KrishiVishal/app/src/main/java/com/company/krishivishal/ui/checkout/CheckoutViewModel.kt:161:81 Unresolved reference 'product'.
e: file:///C:/Users/visha/AndroidStudioProjects/KrishiVishal/app/src/main/java/com/company/krishivishal/ui/checkout/CheckoutViewModel.kt:161:105 Unresolved reference 'product'.
e: file:///C:/Users/visha/AndroidStudioProjects/KrishiVishal/app/src/main/java/com/company/krishivishal/ui/checkout/CheckoutViewModel.kt:162:33 Unresolved reference 'product'.
e: file:///C:/Users/visha/AndroidStudioProjects/KrishiVishal/app/src/main/java/com/company/krishivishal/ui/checkout/CheckoutViewModel.kt:162:48 Suspend function 'suspend fun <T> Flow<T>.firstOrNull(): T?' should be called only from a coroutine or another suspend function.
e: file:///C:/Users/visha/AndroidStudioProjects/KrishiVishal/app/src/main/java/com/company/krishivishal/ui/checkout/CheckoutViewModel.kt:169:21 Argument type mismatch: actual type is 'kotlinx.coroutines.flow.Flow<ERROR CLASS: Cannot infer argument for type parameter R>', but 'kotlin.collections.List<com.company.krishivishal.data.model.OrderItem>' was expected.
e: file:///C:/Users/visha/AndroidStudioProjects/KrishiVishal/app/src/main/java/com/company/krishivishal/ui/checkout/CheckoutViewModel.kt:170:36 Overload resolution ambiguity between candidates:
fun String?.plus(other: Any?): String
fun <T> Array<T>.plus(element: T): Array<T>
fun DoubleArray.plus(element: Double): DoubleArray
fun <T> Iterable<T>.plus(element: T): List<T>
fun <T> Collection<T>.plus(element: T): List<T>
fun <T> Set<T>.plus(element: T): Set<T>
fun <T> Sequence<T>.plus(element: T): Sequence<T>
e: file:///C:/Users/visha/AndroidStudioProjects/KrishiVishal/app/src/main/java/com/company/krishivishal/ui/common/EdgeCaseScreens.kt:147:55 Unresolved reference 'warningContainer'.

[Incubating] Problems report is available at: file:///C:/Users/visha/AndroidStudioProjects/KrishiVishal/build/reports/problems/problems-report.html

FAILURE: Build failed with an exception.

* What went wrong:
Execution failed for task ':app:compileDebugKotlin'.
> A failure occurred while executing org.jetbrains.kotlin.compilerRunner.GradleCompilerRunnerWithWorkers$GradleKotlinCompilerWorkAction
   > Compilation error. See log for more details

* Try:
> Run with --stacktrace option to get the stack trace.
> Run with --info or --debug option to get more log output.
> Run with --scan to get full insights from a Build Scan (powered by Develocity).
> Get more help at https://help.gradle.org.

Deprecated Gradle features were used in this build, making it incompatible with Gradle 10.

You can use '--warning-mode all' to show the individual deprecation warnings and determine if they come from your own scripts or plugins.

For more on this, please refer to https://docs.gradle.org/9.4.1/userguide/command_line_interface.html#sec:command_line_warnings in the Gradle documentation.

BUILD FAILED in 29s
36 actionable tasks: 1 executed, 35 up-to-date
